
============================================================
  Hamilton VisiFerm DO Arc - Modbus RTU Test Arac²
============================================================

Ayarlar:
  Port: COM5
  Baud: 19200
  Parity: None
  Stop Bits: 2
  Timeout: 1.0s

python : Traceback (mo
st recent call last):
At line:1 char:1
+ python test_visiferm
_connection.py > test_
output.txt 2>&1
+ ~~~~~~~~~~~~~~~~~~~~
~~~~~~~~~~~~~~~~~~~~~~
~~~~~~~~~~~~~~~
    + CategoryInfo    
          : NotSpeci  
  fied: (Traceback    
 (most recent call    
 last)::String) [    ]
, RemoteExceptio    n
    + FullyQualifiedE 
   rrorId : NativeCo  
  mmandError
 
  File "C:\Users\turke
\OneDrive\Masa³st³\yaz
ilim26\qorsense _deskt
op\test_visiferm_conne
ction.py", line 213, i
n main
    print(f"\U0001f50c
 {PORT} a²l²yor...")
  File "C:\Program Fil
es\WindowsApps\PythonS
oftwareFoundation.Pyth
on.3.12_3.12.2800.0_x6
4__qbz5n2kfra8p0\Lib\e
ncodings\cp1254.py", l
ine 19, in encode
    return codecs.char
map_encode(input,self.
errors,encoding_table)
[0]
           ^^^^^^^^^^^
^^^^^^^^^^^^^^^^^^^^^^
^^^^^^^^^^^^^^^^^^^^^^
UnicodeEncodeError: 'c
harmap' codec can't en
code character '\U0001
f50c' in position 0: c
haracter maps to <unde
fined>

During handling of the
 above exception, anot
her exception occurred
:

Traceback (most recent
 call last):
  File "C:\Users\turke
\OneDrive\Masa³st³\yaz
ilim26\qorsense _deskt
op\test_visiferm_conne
ction.py", line 264, i
n <module>
    main()
  File "C:\Users\turke
\OneDrive\Masa³st³\yaz
ilim26\qorsense _deskt
op\test_visiferm_conne
ction.py", line 258, i
n main
    print(f"\n\u274c B
eklenmeyen hata: {e}")
  File "C:\Program Fil
es\WindowsApps\PythonS
oftwareFoundation.Pyth
on.3.12_3.12.2800.0_x6
4__qbz5n2kfra8p0\Lib\e
ncodings\cp1254.py", l
ine 19, in encode
    return codecs.char
map_encode(input,self.
errors,encoding_table)
[0]
           ^^^^^^^^^^^
^^^^^^^^^^^^^^^^^^^^^^
^^^^^^^^^^^^^^^^^^^^^^
UnicodeEncodeError: 'c
harmap' codec can't en
code character '\u274c
' in position 2: chara
cter maps to <undefine
d>
